// Jest Snapshot v1, https://goo.gl/fbAQLP

exports[`burger-ingredient should render 1`] = `
<div
  className="burger-ingredient mt-2"
  data-cy="main"
  onClick={[MockFunction]}
>
  <img
    alt="Name"
    className="ml-4 mr-4"
    onClick={[Function]}
    src="image_large"
  />
  <div
    className="mt-1"
  >
    <span
      className="burger-ingredient-price-text text_type_digits-default"
    >
      100
      CurrencyIcon
    </span>
  </div>
  <span
    className="text text_type_main-default mt-1"
  >
    Name
  </span>
  Counter
</div>
`;
